[Wed Aug 28 13:55:31.727550 2024] [php:warn] [pid 30:tid 30] [client 207.90.244.14:58000] PHP Warning:  require_once(/var/www/html/includes/bootstrap.inc): Failed to open stream: No such file or directory in /var/www/html/index.php on line 15
[Wed Aug 28 13:55:31.727594 2024] [php:error] [pid 30:tid 30] [client 207.90.244.14:58000] PHP Fatal error:  Uncaught Error: Failed opening required '/var/www/html/includes/bootstrap.inc' (include_path='.:/usr/share/php') in /var/www/html/index.php:15\nStack trace:\n#0 {main}\n  thrown in /var/www/html/index.php on line 15
[Wed Aug 28 13:55:31.734489 2024] [security2:error] [pid 30:tid 30] [client 207.90.244.14:58000] [client 207.90.244.14] ModSecurity: Warning. Unconditional match in SecAction. [file "/usr/local/modsecurity-crs/rules/RESPONSE-980-CORRELATION.conf"] [line "98"] [id "980170"] [msg "Anomaly Scores: (Inbound Scores: blocking=3, detection=3, per_pl=3-0-0-0, threshold=5) - (Outbound Scores: blocking=0, detection=0, per_pl=0-0-0-0, threshold=4) - (SQLI=0, XSS=0, RFI=0, LFI=0, RCE=0, PHPI=0, HTTP=0, SESS=0, COMBINED_SCORE=3)"] [ver "OWASP_CRS/4.6.0-dev"] [tag "reporting"] [tag "OWASP_CRS"] [hostname "16.171.148.190"] [uri "/index.php"] [unique_id "Zs8sU4hRCcz9A8pnnaPcqAAAAAM"]
[Wed Aug 28 13:55:31.734887 2024] [security2:error] [pid 30:tid 30] [client 207.90.244.14:58000] [client 207.90.244.14] ModSecurity: Warning. Unconditional match in SecAction. [file "/usr/local/modsecurity-crs/rules/RESPONSE-980-CORRELATION.conf"] [line "98"] [id "980170"] [msg "Anomaly Scores: (Inbound Scores: blocking=3, detection=3, per_pl=3-0-0-0, threshold=5) - (Outbound Scores: blocking=0, detection=0, per_pl=0-0-0-0, threshold=4) - (SQLI=0, XSS=0, RFI=0, LFI=0, RCE=0, PHPI=0, HTTP=0, SESS=0, COMBINED_SCORE=3)"] [ver "OWASP_CRS/4.6.0-dev"] [tag "reporting"] [tag "OWASP_CRS"] [hostname "16.171.148.190"] [uri "/index.php"] [unique_id "Zs8sU4hRCcz9A8pnnaPcqAAAAAM"]
[Wed Aug 28 13:55:32.021598 2024] [security2:error] [pid 709:tid 709] [client 207.90.244.14:58006] [client 207.90.244.14] ModSecurity: Warning. Pattern match "(?:^([\\\\d.]+|\\\\[[\\\\da-f:]+\\\\]|[\\\\da-f:]+)(:[\\\\d]+)?$)" at REQUEST_HEADERS:Host. [file "/usr/local/modsecurity-crs/rules/REQUEST-920-PROTOCOL-ENFORCEMENT.conf"] [line "789"] [id "920350"] [msg "Host header is a numeric IP address"] [data "16.171.148.190"] [severity "WARNING"] [ver "OWASP_CRS/4.6.0-dev"] [tag "application-multi"] [tag "language-multi"] [tag "platform-multi"] [tag "attack-protocol"] [tag "paranoia-level/1"] [tag "OWASP_CRS"] [tag "capec/1000/210/272"] [tag "PCI/6.5.10"] [hostname "16.171.148.190"] [uri "/robots.txt"] [unique_id "Zs8sVN2cKuevxLVyRduSuQAAAAY"]
[Wed Aug 28 13:55:32.022260 2024] [security2:error] [pid 709:tid 709] [client 207.90.244.14:58006] [client 207.90.244.14] ModSecurity: Warning. Pattern match "(?:^([\\\\d.]+|\\\\[[\\\\da-f:]+\\\\]|[\\\\da-f:]+)(:[\\\\d]+)?$)" at REQUEST_HEADERS:Host. [file "/usr/local/modsecurity-crs/rules/REQUEST-920-PROTOCOL-ENFORCEMENT.conf"] [line "789"] [id "920350"] [msg "Host header is a numeric IP address"] [data "16.171.148.190"] [severity "WARNING"] [ver "OWASP_CRS/4.6.0-dev"] [tag "application-multi"] [tag "language-multi"] [tag "platform-multi"] [tag "attack-protocol"] [tag "paranoia-level/1"] [tag "OWASP_CRS"] [tag "capec/1000/210/272"] [tag "PCI/6.5.10"] [hostname "16.171.148.190"] [uri "/robots.txt"] [unique_id "Zs8sVN2cKuevxLVyRduSuQAAAAY"]
[Wed Aug 28 13:55:32.022723 2024] [authz_core:debug] [pid 709:tid 709] mod_authz_core.c(815): [client 207.90.244.14:58006] AH01626: authorization result of Require all granted: granted
[Wed Aug 28 13:55:32.022736 2024] [authz_core:debug] [pid 709:tid 709] mod_authz_core.c(815): [client 207.90.244.14:58006] AH01626: authorization result of <RequireAny>: granted
[Wed Aug 28 13:55:32.025210 2024] [security2:error] [pid 709:tid 709] [client 207.90.244.14:58006] [client 207.90.244.14] ModSecurity: Warning. Unconditional match in SecAction. [file "/usr/local/modsecurity-crs/rules/RESPONSE-980-CORRELATION.conf"] [line "98"] [id "980170"] [msg "Anomaly Scores: (Inbound Scores: blocking=3, detection=3, per_pl=3-0-0-0, threshold=5) - (Outbound Scores: blocking=0, detection=0, per_pl=0-0-0-0, threshold=4) - (SQLI=0, XSS=0, RFI=0, LFI=0, RCE=0, PHPI=0, HTTP=0, SESS=0, COMBINED_SCORE=3)"] [ver "OWASP_CRS/4.6.0-dev"] [tag "reporting"] [tag "OWASP_CRS"] [hostname "16.171.148.190"] [uri "/robots.txt"] [unique_id "Zs8sVN2cKuevxLVyRduSuQAAAAY"]
[Wed Aug 28 13:55:32.025339 2024] [security2:error] [pid 709:tid 709] [client 207.90.244.14:58006] [client 207.90.244.14] ModSecurity: Warning. Unconditional match in SecAction. [file "/usr/local/modsecurity-crs/rules/RESPONSE-980-CORRELATION.conf"] [line "98"] [id "980170"] [msg "Anomaly Scores: (Inbound Scores: blocking=3, detection=3, per_pl=3-0-0-0, threshold=5) - (Outbound Scores: blocking=0, detection=0, per_pl=0-0-0-0, threshold=4) - (SQLI=0, XSS=0, RFI=0, LFI=0, RCE=0, PHPI=0, HTTP=0, SESS=0, COMBINED_SCORE=3)"] [ver "OWASP_CRS/4.6.0-dev"] [tag "reporting"] [tag "OWASP_CRS"] [hostname "16.171.148.190"] [uri "/robots.txt"] [unique_id "Zs8sVN2cKuevxLVyRduSuQAAAAY"]
[Wed Aug 28 13:55:32.065546 2024] [core:debug] [pid 32:tid 32] protocol.c(511): NULL bytes in header (58 bytes)
[Wed Aug 28 13:55:32.065570 2024] [core:debug] [pid 32:tid 32] protocol.c(511): .............,Y. 16030100f4010000f00303862e2c59ff
[Wed Aug 28 13:55:32.065574 2024] [core:debug] [pid 32:tid 32] protocol.c(511): ......n.E.....+. 001c9a2e0b936ed04512c9f6f2da2bf8
[Wed Aug 28 13:55:32.065577 2024] [core:debug] [pid 32:tid 32] protocol.c(511): W.= ..!R"Xu..r.0 577f3d2098e32152225875000072c030
[Wed Aug 28 13:55:32.065581 2024] [core:debug] [pid 32:tid 32] protocol.c(511): .,.(.$....       c02cc028c024c014c00a            
[Wed Aug 28 13:55:32.065588 2024] [core:debug] [pid 32:tid 32] protocol.c(1449): [client 207.90.244.14:51946] AH00566: request failed: malformed request line
[Wed Aug 28 13:55:32.065600 2024] [headers:debug] [pid 32:tid 32] mod_headers.c(890): AH01503: headers: ap_headers_error_filter()
[Wed Aug 28 13:55:32.304858 2024] [security2:error] [pid 27:tid 27] [client 207.90.244.14:58022] [client 207.90.244.14] ModSecurity: Warning. Pattern match "(?:^([\\\\d.]+|\\\\[[\\\\da-f:]+\\\\]|[\\\\da-f:]+)(:[\\\\d]+)?$)" at REQUEST_HEADERS:Host. [file "/usr/local/modsecurity-crs/rules/REQUEST-920-PROTOCOL-ENFORCEMENT.conf"] [line "789"] [id "920350"] [msg "Host header is a numeric IP address"] [data "16.171.148.190"] [severity "WARNING"] [ver "OWASP_CRS/4.6.0-dev"] [tag "application-multi"] [tag "language-multi"] [tag "platform-multi"] [tag "attack-protocol"] [tag "paranoia-level/1"] [tag "OWASP_CRS"] [tag "capec/1000/210/272"] [tag "PCI/6.5.10"] [hostname "16.171.148.190"] [uri "/sitemap.xml"] [unique_id "Zs8sVGcTIltBeUN3xuxvugAAAAA"]
[Wed Aug 28 13:55:32.305267 2024] [security2:error] [pid 27:tid 27] [client 207.90.244.14:58022] [client 207.90.244.14] ModSecurity: Warning. Pattern match "(?:^([\\\\d.]+|\\\\[[\\\\da-f:]+\\\\]|[\\\\da-f:]+)(:[\\\\d]+)?$)" at REQUEST_HEADERS:Host. [file "/usr/local/modsecurity-crs/rules/REQUEST-920-PROTOCOL-ENFORCEMENT.conf"] [line "789"] [id "920350"] [msg "Host header is a numeric IP address"] [data "16.171.148.190"] [severity "WARNING"] [ver "OWASP_CRS/4.6.0-dev"] [tag "application-multi"] [tag "language-multi"] [tag "platform-multi"] [tag "attack-protocol"] [tag "paranoia-level/1"] [tag "OWASP_CRS"] [tag "capec/1000/210/272"] [tag "PCI/6.5.10"] [hostname "16.171.148.190"] [uri "/sitemap.xml"] [unique_id "Zs8sVGcTIltBeUN3xuxvugAAAAA"]
[Wed Aug 28 13:55:32.305558 2024] [authz_core:debug] [pid 27:tid 27] mod_authz_core.c(815): [client 207.90.244.14:58022] AH01626: authorization result of Require all granted: granted
[Wed Aug 28 13:55:32.305566 2024] [authz_core:debug] [pid 27:tid 27] mod_authz_core.c(815): [client 207.90.244.14:58022] AH01626: authorization result of <RequireAny>: granted
[Wed Aug 28 13:55:32.306562 2024] [core:info] [pid 27:tid 27] [client 207.90.244.14:58022] AH00128: File does not exist: /var/www/html/sitemap.xml
[Wed Aug 28 13:55:32.307154 2024] [security2:error] [pid 27:tid 27] [client 207.90.244.14:58022] [client 207.90.244.14] ModSecurity: Warning. Unconditional match in SecAction. [file "/usr/local/modsecurity-crs/rules/RESPONSE-980-CORRELATION.conf"] [line "98"] [id "980170"] [msg "Anomaly Scores: (Inbound Scores: blocking=3, detection=3, per_pl=3-0-0-0, threshold=5) - (Outbound Scores: blocking=0, detection=0, per_pl=0-0-0-0, threshold=4) - (SQLI=0, XSS=0, RFI=0, LFI=0, RCE=0, PHPI=0, HTTP=0, SESS=0, COMBINED_SCORE=3)"] [ver "OWASP_CRS/4.6.0-dev"] [tag "reporting"] [tag "OWASP_CRS"] [hostname "16.171.148.190"] [uri "/404.html"] [unique_id "Zs8sVGcTIltBeUN3xuxvugAAAAA"]
[Wed Aug 28 13:55:32.307290 2024] [security2:error] [pid 27:tid 27] [client 207.90.244.14:58022] [client 207.90.244.14] ModSecurity: Warning. Unconditional match in SecAction. [file "/usr/local/modsecurity-crs/rules/RESPONSE-980-CORRELATION.conf"] [line "98"] [id "980170"] [msg "Anomaly Scores: (Inbound Scores: blocking=3, detection=3, per_pl=3-0-0-0, threshold=5) - (Outbound Scores: blocking=0, detection=0, per_pl=0-0-0-0, threshold=4) - (SQLI=0, XSS=0, RFI=0, LFI=0, RCE=0, PHPI=0, HTTP=0, SESS=0, COMBINED_SCORE=3)"] [ver "OWASP_CRS/4.6.0-dev"] [tag "reporting"] [tag "OWASP_CRS"] [hostname "16.171.148.190"] [uri "/404.html"] [unique_id "Zs8sVGcTIltBeUN3xuxvugAAAAA"]
[Wed Aug 28 13:55:32.585216 2024] [security2:error] [pid 28:tid 28] [client 207.90.244.14:58032] [client 207.90.244.14] ModSecurity: Warning. Pattern match "(?:^([\\\\d.]+|\\\\[[\\\\da-f:]+\\\\]|[\\\\da-f:]+)(:[\\\\d]+)?$)" at REQUEST_HEADERS:Host. [file "/usr/local/modsecurity-crs/rules/REQUEST-920-PROTOCOL-ENFORCEMENT.conf"] [line "789"] [id "920350"] [msg "Host header is a numeric IP address"] [data "16.171.148.190"] [severity "WARNING"] [ver "OWASP_CRS/4.6.0-dev"] [tag "application-multi"] [tag "language-multi"] [tag "platform-multi"] [tag "attack-protocol"] [tag "paranoia-level/1"] [tag "OWASP_CRS"] [tag "capec/1000/210/272"] [tag "PCI/6.5.10"] [hostname "16.171.148.190"] [uri "/.well-known/security.txt"] [unique_id "Zs8sVPSE7I0JW4MdrRqTSwAAAAE"]
[Wed Aug 28 13:55:32.585632 2024] [security2:error] [pid 28:tid 28] [client 207.90.244.14:58032] [client 207.90.244.14] ModSecurity: Warning. Pattern match "(?:^([\\\\d.]+|\\\\[[\\\\da-f:]+\\\\]|[\\\\da-f:]+)(:[\\\\d]+)?$)" at REQUEST_HEADERS:Host. [file "/usr/local/modsecurity-crs/rules/REQUEST-920-PROTOCOL-ENFORCEMENT.conf"] [line "789"] [id "920350"] [msg "Host header is a numeric IP address"] [data "16.171.148.190"] [severity "WARNING"] [ver "OWASP_CRS/4.6.0-dev"] [tag "application-multi"] [tag "language-multi"] [tag "platform-multi"] [tag "attack-protocol"] [tag "paranoia-level/1"] [tag "OWASP_CRS"] [tag "capec/1000/210/272"] [tag "PCI/6.5.10"] [hostname "16.171.148.190"] [uri "/.well-known/security.txt"] [unique_id "Zs8sVPSE7I0JW4MdrRqTSwAAAAE"]
[Wed Aug 28 13:55:32.586259 2024] [authz_core:debug] [pid 28:tid 28] mod_authz_core.c(815): [client 207.90.244.14:58032] AH01626: authorization result of Require all granted: granted
[Wed Aug 28 13:55:32.586272 2024] [authz_core:debug] [pid 28:tid 28] mod_authz_core.c(815): [client 207.90.244.14:58032] AH01626: authorization result of <RequireAny>: granted
[Wed Aug 28 13:55:32.587339 2024] [core:info] [pid 28:tid 28] [client 207.90.244.14:58032] AH00128: File does not exist: /var/www/html/.well-known/security.txt
[Wed Aug 28 13:55:32.587759 2024] [security2:error] [pid 28:tid 28] [client 207.90.244.14:58032] [client 207.90.244.14] ModSecurity: Warning. Unconditional match in SecAction. [file "/usr/local/modsecurity-crs/rules/RESPONSE-980-CORRELATION.conf"] [line "98"] [id "980170"] [msg "Anomaly Scores: (Inbound Scores: blocking=3, detection=3, per_pl=3-0-0-0, threshold=5) - (Outbound Scores: blocking=0, detection=0, per_pl=0-0-0-0, threshold=4) - (SQLI=0, XSS=0, RFI=0, LFI=0, RCE=0, PHPI=0, HTTP=0, SESS=0, COMBINED_SCORE=3)"] [ver "OWASP_CRS/4.6.0-dev"] [tag "reporting"] [tag "OWASP_CRS"] [hostname "16.171.148.190"] [uri "/404.html"] [unique_id "Zs8sVPSE7I0JW4MdrRqTSwAAAAE"]
[Wed Aug 28 13:55:32.587896 2024] [security2:error] [pid 28:tid 28] [client 207.90.244.14:58032] [client 207.90.244.14] ModSecurity: Warning. Unconditional match in SecAction. [file "/usr/local/modsecurity-crs/rules/RESPONSE-980-CORRELATION.conf"] [line "98"] [id "980170"] [msg "Anomaly Scores: (Inbound Scores: blocking=3, detection=3, per_pl=3-0-0-0, threshold=5) - (Outbound Scores: blocking=0, detection=0, per_pl=0-0-0-0, threshold=4) - (SQLI=0, XSS=0, RFI=0, LFI=0, RCE=0, PHPI=0, HTTP=0, SESS=0, COMBINED_SCORE=3)"] [ver "OWASP_CRS/4.6.0-dev"] [tag "reporting"] [tag "OWASP_CRS"] [hostname "16.171.148.190"] [uri "/404.html"] [unique_id "Zs8sVPSE7I0JW4MdrRqTSwAAAAE"]
[Wed Aug 28 13:55:32.931599 2024] [security2:error] [pid 29:tid 29] [client 207.90.244.14:58034] [client 207.90.244.14] ModSecurity: Warning. Pattern match "(?:^([\\\\d.]+|\\\\[[\\\\da-f:]+\\\\]|[\\\\da-f:]+)(:[\\\\d]+)?$)" at REQUEST_HEADERS:Host. [file "/usr/local/modsecurity-crs/rules/REQUEST-920-PROTOCOL-ENFORCEMENT.conf"] [line "789"] [id "920350"] [msg "Host header is a numeric IP address"] [data "16.171.148.190"] [severity "WARNING"] [ver "OWASP_CRS/4.6.0-dev"] [tag "application-multi"] [tag "language-multi"] [tag "platform-multi"] [tag "attack-protocol"] [tag "paranoia-level/1"] [tag "OWASP_CRS"] [tag "capec/1000/210/272"] [tag "PCI/6.5.10"] [hostname "16.171.148.190"] [uri "/favicon.ico"] [unique_id "Zs8sVG1B94SF_Y_HFVo8ygAAAAI"]
[Wed Aug 28 13:55:32.932097 2024] [security2:error] [pid 29:tid 29] [client 207.90.244.14:58034] [client 207.90.244.14] ModSecurity: Warning. Pattern match "(?:^([\\\\d.]+|\\\\[[\\\\da-f:]+\\\\]|[\\\\da-f:]+)(:[\\\\d]+)?$)" at REQUEST_HEADERS:Host. [file "/usr/local/modsecurity-crs/rules/REQUEST-920-PROTOCOL-ENFORCEMENT.conf"] [line "789"] [id "920350"] [msg "Host header is a numeric IP address"] [data "16.171.148.190"] [severity "WARNING"] [ver "OWASP_CRS/4.6.0-dev"] [tag "application-multi"] [tag "language-multi"] [tag "platform-multi"] [tag "attack-protocol"] [tag "paranoia-level/1"] [tag "OWASP_CRS"] [tag "capec/1000/210/272"] [tag "PCI/6.5.10"] [hostname "16.171.148.190"] [uri "/favicon.ico"] [unique_id "Zs8sVG1B94SF_Y_HFVo8ygAAAAI"]
[Wed Aug 28 13:55:32.932450 2024] [authz_core:debug] [pid 29:tid 29] mod_authz_core.c(815): [client 207.90.244.14:58034] AH01626: authorization result of Require all granted: granted
[Wed Aug 28 13:55:32.932458 2024] [authz_core:debug] [pid 29:tid 29] mod_authz_core.c(815): [client 207.90.244.14:58034] AH01626: authorization result of <RequireAny>: granted
[Wed Aug 28 13:55:32.933607 2024] [core:info] [pid 29:tid 29] [client 207.90.244.14:58034] AH00128: File does not exist: /var/www/html/favicon.ico
[Wed Aug 28 13:55:32.934151 2024] [security2:error] [pid 29:tid 29] [client 207.90.244.14:58034] [client 207.90.244.14] ModSecurity: Warning. Unconditional match in SecAction. [file "/usr/local/modsecurity-crs/rules/RESPONSE-980-CORRELATION.conf"] [line "98"] [id "980170"] [msg "Anomaly Scores: (Inbound Scores: blocking=3, detection=3, per_pl=3-0-0-0, threshold=5) - (Outbound Scores: blocking=0, detection=0, per_pl=0-0-0-0, threshold=4) - (SQLI=0, XSS=0, RFI=0, LFI=0, RCE=0, PHPI=0, HTTP=0, SESS=0, COMBINED_SCORE=3)"] [ver "OWASP_CRS/4.6.0-dev"] [tag "reporting"] [tag "OWASP_CRS"] [hostname "16.171.148.190"] [uri "/404.html"] [unique_id "Zs8sVG1B94SF_Y_HFVo8ygAAAAI"]
[Wed Aug 28 13:55:32.934286 2024] [security2:error] [pid 29:tid 29] [client 207.90.244.14:58034] [client 207.90.244.14] ModSecurity: Warning. Unconditional match in SecAction. [file "/usr/local/modsecurity-crs/rules/RESPONSE-980-CORRELATION.conf"] [line "98"] [id "980170"] [msg "Anomaly Scores: (Inbound Scores: blocking=3, detection=3, per_pl=3-0-0-0, threshold=5) - (Outbound Scores: blocking=0, detection=0, per_pl=0-0-0-0, threshold=4) - (SQLI=0, XSS=0, RFI=0, LFI=0, RCE=0, PHPI=0, HTTP=0, SESS=0, COMBINED_SCORE=3)"] [ver "OWASP_CRS/4.6.0-dev"] [tag "reporting"] [tag "OWASP_CRS"] [hostname "16.171.148.190"] [uri "/404.html"] [unique_id "Zs8sVG1B94SF_Y_HFVo8ygAAAAI"]
[Wed Aug 28 13:55:35.348182 2024] [security2:error] [pid 710:tid 710] [client 207.90.244.14:51956] [client 207.90.244.14] ModSecurity: Warning. Pattern match "(?:^([\\\\d.]+|\\\\[[\\\\da-f:]+\\\\]|[\\\\da-f:]+)(:[\\\\d]+)?$)" at REQUEST_HEADERS:Host. [file "/usr/local/modsecurity-crs/rules/REQUEST-920-PROTOCOL-ENFORCEMENT.conf"] [line "789"] [id "920350"] [msg "Host header is a numeric IP address"] [data "16.171.148.190"] [severity "WARNING"] [ver "OWASP_CRS/4.6.0-dev"] [tag "application-multi"] [tag "language-multi"] [tag "platform-multi"] [tag "attack-protocol"] [tag "paranoia-level/1"] [tag "OWASP_CRS"] [tag "capec/1000/210/272"] [tag "PCI/6.5.10"] [hostname "16.171.148.190"] [uri "/"] [unique_id "Zs8sVzGgzjU3ayCVpDJrkwAAAAc"]
[Wed Aug 28 13:55:35.348583 2024] [authz_core:debug] [pid 710:tid 710] mod_authz_core.c(815): [client 207.90.244.14:51956] AH01626: authorization result of Require all granted: granted
[Wed Aug 28 13:55:35.348597 2024] [authz_core:debug] [pid 710:tid 710] mod_authz_core.c(815): [client 207.90.244.14:51956] AH01626: authorization result of <RequireAny>: granted
[Wed Aug 28 13:55:35.349957 2024] [php:warn] [pid 710:tid 710] [client 207.90.244.14:51956] PHP Warning:  require_once(/var/www/html/includes/bootstrap.inc): Failed to open stream: No such file or directory in /var/www/html/index.php on line 15
[Wed Aug 28 13:55:35.349999 2024] [php:error] [pid 710:tid 710] [client 207.90.244.14:51956] PHP Fatal error:  Uncaught Error: Failed opening required '/var/www/html/includes/bootstrap.inc' (include_path='.:/usr/share/php') in /var/www/html/index.php:15\nStack trace:\n#0 {main}\n  thrown in /var/www/html/index.php on line 15
[Wed Aug 28 13:55:35.350859 2024] [security2:error] [pid 710:tid 710] [client 207.90.244.14:51956] [client 207.90.244.14] ModSecurity: Warning. Unconditional match in SecAction. [file "/usr/local/modsecurity-crs/rules/RESPONSE-980-CORRELATION.conf"] [line "98"] [id "980170"] [msg "Anomaly Scores: (Inbound Scores: blocking=3, detection=3, per_pl=3-0-0-0, threshold=5) - (Outbound Scores: blocking=0, detection=0, per_pl=0-0-0-0, threshold=4) - (SQLI=0, XSS=0, RFI=0, LFI=0, RCE=0, PHPI=0, HTTP=0, SESS=0, COMBINED_SCORE=3)"] [ver "OWASP_CRS/4.6.0-dev"] [tag "reporting"] [tag "OWASP_CRS"] [hostname "16.171.148.190"] [uri "/index.php"] [unique_id "Zs8sVzGgzjU3ayCVpDJrkwAAAAc"]
[Wed Aug 28 14:01:20.183396 2024] [core:info] [pid 1:tid 1] AH00096: removed PID file /usr/local/apache2/logs/httpd.pid (pid=1)
[Wed Aug 28 14:01:20.183423 2024] [mpm_prefork:notice] [pid 1:tid 1] AH00170: caught SIGWINCH, shutting down gracefully
[Wed Aug 28 14:02:38.143386 2024] [security2:notice] [pid 1:tid 1] ModSecurity for Apache/2.9.7 (http://www.modsecurity.org/) configured.
[Wed Aug 28 14:02:38.143456 2024] [security2:notice] [pid 1:tid 1] ModSecurity: APR compiled version="1.7.2"; loaded version="1.7.2"
[Wed Aug 28 14:02:38.143461 2024] [security2:notice] [pid 1:tid 1] ModSecurity: PCRE compiled version="8.39 "; loaded version="8.39 2016-06-14"
[Wed Aug 28 14:02:38.143465 2024] [security2:notice] [pid 1:tid 1] ModSecurity: LUA compiled version="Lua 5.3"
[Wed Aug 28 14:02:38.143468 2024] [security2:notice] [pid 1:tid 1] ModSecurity: YAJL compiled version="2.1.0"
[Wed Aug 28 14:02:38.143472 2024] [security2:notice] [pid 1:tid 1] ModSecurity: LIBXML compiled version="2.9.14"
[Wed Aug 28 14:02:38.143526 2024] [security2:notice] [pid 1:tid 1] ModSecurity: StatusEngine call: "2.9.7,Apache/2.4.62 (Unix),1.7.2/1.7.2,8.39/8.39 2016-06-14,Lua 5.3,2.9.14,3970d15596101b544e983562523b31308d4c9b31"
[Wed Aug 28 14:02:38.179410 2024] [security2:notice] [pid 1:tid 1] ModSecurity: StatusEngine call failed. Query: GIXDSLRXFRAXAYLDNBSS6MROGQXDMMRA.FBKW42LYFEWDCLRXFYZC6MJOG4XDELBY.FYZTSLZYFYZTSIBSGAYTMLJQGYWTCNBM.JR2WCIBVFYZSYMROHEXDCNBMGM4TOMDE.GE2TKOJWGEYDCYRVGQ2GKOJYGM2TMMRV.GIZWEMZRGMYDQZBUMM4WEMZR.1724853758.status.modsecurity.org
[Wed Aug 28 14:02:38.423190 2024] [mpm_prefork:notice] [pid 1:tid 1] AH00163: Apache/2.4.62 (Unix) configured -- resuming normal operations
[Wed Aug 28 14:02:38.423218 2024] [mpm_prefork:info] [pid 1:tid 1] AH00164: Server built: Jul 23 2024 07:15:24
[Wed Aug 28 14:02:38.423240 2024] [core:notice] [pid 1:tid 1] AH00094: Command line: 'httpd -D FOREGROUND'
[Wed Aug 28 14:02:38.423243 2024] [core:debug] [pid 1:tid 1] log.c(1605): AH02639: Using SO_REUSEPORT: yes (1)
[Wed Aug 28 14:02:38.423252 2024] [mpm_prefork:debug] [pid 1:tid 1] prefork.c(970): AH00165: Accept mutex: pthread (default: pthread)
[Wed Aug 28 14:02:47.887993 2024] [security2:error] [pid 28:tid 28] [client 86.106.136.126:56664] [client 86.106.136.126] ModSecurity: Warning. Pattern match "(?:^([\\\\d.]+|\\\\[[\\\\da-f:]+\\\\]|[\\\\da-f:]+)(:[\\\\d]+)?$)" at REQUEST_HEADERS:Host. [file "/usr/local/modsecurity-crs/rules/REQUEST-920-PROTOCOL-ENFORCEMENT.conf"] [line "789"] [id "920350"] [msg "Host header is a numeric IP address"] [data "16.171.148.190"] [severity "WARNING"] [ver "OWASP_CRS/4.6.0-dev"] [tag "application-multi"] [tag "language-multi"] [tag "platform-multi"] [tag "attack-protocol"] [tag "paranoia-level/1"] [tag "OWASP_CRS"] [tag "capec/1000/210/272"] [tag "PCI/6.5.10"] [hostname "16.171.148.190"] [uri "/"] [unique_id "Zs8uBxWahabti0GTCqG9RAAAAAA"]
[Wed Aug 28 14:02:47.888692 2024] [security2:error] [pid 28:tid 28] [client 86.106.136.126:56664] [client 86.106.136.126] ModSecurity: Warning. Pattern match "(?:^([\\\\d.]+|\\\\[[\\\\da-f:]+\\\\]|[\\\\da-f:]+)(:[\\\\d]+)?$)" at REQUEST_HEADERS:Host. [file "/usr/local/modsecurity-crs/rules/REQUEST-920-PROTOCOL-ENFORCEMENT.conf"] [line "789"] [id "920350"] [msg "Host header is a numeric IP address"] [data "16.171.148.190"] [severity "WARNING"] [ver "OWASP_CRS/4.6.0-dev"] [tag "application-multi"] [tag "language-multi"] [tag "platform-multi"] [tag "attack-protocol"] [tag "paranoia-level/1"] [tag "OWASP_CRS"] [tag "capec/1000/210/272"] [tag "PCI/6.5.10"] [hostname "16.171.148.190"] [uri "/"] [unique_id "Zs8uBxWahabti0GTCqG9RAAAAAA"]
[Wed Aug 28 14:02:47.889213 2024] [authz_core:debug] [pid 28:tid 28] mod_authz_core.c(815): [client 86.106.136.126:56664] AH01626: authorization result of Require all granted: granted
[Wed Aug 28 14:02:47.889222 2024] [authz_core:debug] [pid 28:tid 28] mod_authz_core.c(815): [client 86.106.136.126:56664] AH01626: authorization result of <RequireAny>: granted
[Wed Aug 28 14:02:47.894919 2024] [security2:error] [pid 28:tid 28] [client 86.106.136.126:56664] [client 86.106.136.126] ModSecurity: Warning. Unconditional match in SecAction. [file "/usr/local/modsecurity-crs/rules/RESPONSE-980-CORRELATION.conf"] [line "98"] [id "980170"] [msg "Anomaly Scores: (Inbound Scores: blocking=3, detection=3, per_pl=3-0-0-0, threshold=5) - (Outbound Scores: blocking=0, detection=0, per_pl=0-0-0-0, threshold=4) - (SQLI=0, XSS=0, RFI=0, LFI=0, RCE=0, PHPI=0, HTTP=0, SESS=0, COMBINED_SCORE=3)"] [ver "OWASP_CRS/4.6.0-dev"] [tag "reporting"] [tag "OWASP_CRS"] [hostname "16.171.148.190"] [uri "/index.php"] [unique_id "Zs8uBxWahabti0GTCqG9RAAAAAA"]
[Wed Aug 28 14:02:47.895048 2024] [security2:error] [pid 28:tid 28] [client 86.106.136.126:56664] [client 86.106.136.126] ModSecurity: Warning. Unconditional match in SecAction. [file "/usr/local/modsecurity-crs/rules/RESPONSE-980-CORRELATION.conf"] [line "98"] [id "980170"] [msg "Anomaly Scores: (Inbound Scores: blocking=3, detection=3, per_pl=3-0-0-0, threshold=5) - (Outbound Scores: blocking=0, detection=0, per_pl=0-0-0-0, threshold=4) - (SQLI=0, XSS=0, RFI=0, LFI=0, RCE=0, PHPI=0, HTTP=0, SESS=0, COMBINED_SCORE=3)"] [ver "OWASP_CRS/4.6.0-dev"] [tag "reporting"] [tag "OWASP_CRS"] [hostname "16.171.148.190"] [uri "/index.php"] [unique_id "Zs8uBxWahabti0GTCqG9RAAAAAA"]
[Wed Aug 28 14:05:05.365783 2024] [core:debug] [pid 29:tid 29] protocol.c(511): NULL bytes in header (116 bytes)
[Wed Aug 28 14:05:05.365835 2024] [core:debug] [pid 29:tid 29] protocol.c(511): ............5.{2 1603010200010001fc0303b035097b32
[Wed Aug 28 14:05:05.365839 2024] [core:debug] [pid 29:tid 29] protocol.c(511): u,... .m./!...R. 752cbea5be20156d1c2f219484d452de
[Wed Aug 28 14:05:05.365842 2024] [core:debug] [pid 29:tid 29] protocol.c(511): .z......t.. .... 887a951acf9bcbba748eb620a5ecafbc
[Wed Aug 28 14:05:05.365846 2024] [core:debug] [pid 29:tid 29] protocol.c(511): .v0.I...f....hd8 037630b649d389a466b40bc0cb686438
[Wed Aug 28 14:05:05.365849 2024] [core:debug] [pid 29:tid 29] protocol.c(511): ."'.. S[w....>.. f4222709ad20535b77ae86b8003e1302
[Wed Aug 28 14:05:05.365852 2024] [core:debug] [pid 29:tid 29] protocol.c(511): .....,.0........ 13031301c02cc030009fcca9cca8ccaa
[Wed Aug 28 14:05:05.365855 2024] [core:debug] [pid 29:tid 29] protocol.c(511): .+./...$.(.k.#.' c02bc02f009ec024c028006bc023c027
[Wed Aug 28 14:05:05.365858 2024] [core:debug] [pid 29:tid 29] protocol.c(511): .g..             0067c00a                        
[Wed Aug 28 14:05:05.365878 2024] [core:debug] [pid 29:tid 29] protocol.c(1449): [client 104.236.44.95:45410] AH00566: request failed: malformed request line
[Wed Aug 28 14:05:05.365908 2024] [headers:debug] [pid 29:tid 29] mod_headers.c(890): AH01503: headers: ap_headers_error_filter()
[Wed Aug 28 14:05:05.582741 2024] [security2:error] [pid 30:tid 30] [client 104.236.44.95:48564] [client 104.236.44.95] ModSecurity: Warning. Pattern match "(?:^([\\\\d.]+|\\\\[[\\\\da-f:]+\\\\]|[\\\\da-f:]+)(:[\\\\d]+)?$)" at REQUEST_HEADERS:Host. [file "/usr/local/modsecurity-crs/rules/REQUEST-920-PROTOCOL-ENFORCEMENT.conf"] [line "789"] [id "920350"] [msg "Host header is a numeric IP address"] [data "16.171.148.190"] [severity "WARNING"] [ver "OWASP_CRS/4.6.0-dev"] [tag "application-multi"] [tag "language-multi"] [tag "platform-multi"] [tag "attack-protocol"] [tag "paranoia-level/1"] [tag "OWASP_CRS"] [tag "capec/1000/210/272"] [tag "PCI/6.5.10"] [hostname "16.171.148.190"] [uri "/"] [unique_id "Zs8ukZ45LJoYnbXUYDNcqwAAAAI"]
[Wed Aug 28 14:05:05.583411 2024] [security2:error] [pid 30:tid 30] [client 104.236.44.95:48564] [client 104.236.44.95] ModSecurity: Warning. Pattern match "(?:^([\\\\d.]+|\\\\[[\\\\da-f:]+\\\\]|[\\\\da-f:]+)(:[\\\\d]+)?$)" at REQUEST_HEADERS:Host. [file "/usr/local/modsecurity-crs/rules/REQUEST-920-PROTOCOL-ENFORCEMENT.conf"] [line "789"] [id "920350"] [msg "Host header is a numeric IP address"] [data "16.171.148.190"] [severity "WARNING"] [ver "OWASP_CRS/4.6.0-dev"] [tag "application-multi"] [tag "language-multi"] [tag "platform-multi"] [tag "attack-protocol"] [tag "paranoia-level/1"] [tag "OWASP_CRS"] [tag "capec/1000/210/272"] [tag "PCI/6.5.10"] [hostname "16.171.148.190"] [uri "/"] [unique_id "Zs8ukZ45LJoYnbXUYDNcqwAAAAI"]
[Wed Aug 28 14:05:05.583872 2024] [authz_core:debug] [pid 30:tid 30] mod_authz_core.c(815): [client 104.236.44.95:48564] AH01626: authorization result of Require all granted: granted
[Wed Aug 28 14:05:05.583881 2024] [authz_core:debug] [pid 30:tid 30] mod_authz_core.c(815): [client 104.236.44.95:48564] AH01626: authorization result of <RequireAny>: granted
[Wed Aug 28 14:05:05.587378 2024] [security2:error] [pid 30:tid 30] [client 104.236.44.95:48564] [client 104.236.44.95] ModSecurity: Warning. Unconditional match in SecAction. [file "/usr/local/modsecurity-crs/rules/RESPONSE-980-CORRELATION.conf"] [line "98"] [id "980170"] [msg "Anomaly Scores: (Inbound Scores: blocking=3, detection=3, per_pl=3-0-0-0, threshold=5) - (Outbound Scores: blocking=0, detection=0, per_pl=0-0-0-0, threshold=4) - (SQLI=0, XSS=0, RFI=0, LFI=0, RCE=0, PHPI=0, HTTP=0, SESS=0, COMBINED_SCORE=3)"] [ver "OWASP_CRS/4.6.0-dev"] [tag "reporting"] [tag "OWASP_CRS"] [hostname "16.171.148.190"] [uri "/index.php"] [unique_id "Zs8ukZ45LJoYnbXUYDNcqwAAAAI"]
[Wed Aug 28 14:05:05.587506 2024] [security2:error] [pid 30:tid 30] [client 104.236.44.95:48564] [client 104.236.44.95] ModSecurity: Warning. Unconditional match in SecAction. [file "/usr/local/modsecurity-crs/rules/RESPONSE-980-CORRELATION.conf"] [line "98"] [id "980170"] [msg "Anomaly Scores: (Inbound Scores: blocking=3, detection=3, per_pl=3-0-0-0, threshold=5) - (Outbound Scores: blocking=0, detection=0, per_pl=0-0-0-0, threshold=4) - (SQLI=0, XSS=0, RFI=0, LFI=0, RCE=0, PHPI=0, HTTP=0, SESS=0, COMBINED_SCORE=3)"] [ver "OWASP_CRS/4.6.0-dev"] [tag "reporting"] [tag "OWASP_CRS"] [hostname "16.171.148.190"] [uri "/index.php"] [unique_id "Zs8ukZ45LJoYnbXUYDNcqwAAAAI"]
[Wed Aug 28 14:05:05.851504 2024] [security2:error] [pid 31:tid 31] [client 104.236.44.95:48580] [client 104.236.44.95] ModSecurity: Warning. Pattern match "(?:^([\\\\d.]+|\\\\[[\\\\da-f:]+\\\\]|[\\\\da-f:]+)(:[\\\\d]+)?$)" at REQUEST_HEADERS:Host. [file "/usr/local/modsecurity-crs/rules/REQUEST-920-PROTOCOL-ENFORCEMENT.conf"] [line "789"] [id "920350"] [msg "Host header is a numeric IP address"] [data "16.171.148.190"] [severity "WARNING"] [ver "OWASP_CRS/4.6.0-dev"] [tag "application-multi"] [tag "language-multi"] [tag "platform-multi"] [tag "attack-protocol"] [tag "paranoia-level/1"] [tag "OWASP_CRS"] [tag "capec/1000/210/272"] [tag "PCI/6.5.10"] [hostname "16.171.148.190"] [uri "/core/assets/vendor/ckeditor/skins/moono-lisa/editor.css"] [unique_id "Zs8ukWQG58sQpdwvnwh6fAAAAAM"]
[Wed Aug 28 14:05:05.852216 2024] [security2:error] [pid 31:tid 31] [client 104.236.44.95:48580] [client 104.236.44.95] ModSecurity: Warning. Pattern match "(?:^([\\\\d.]+|\\\\[[\\\\da-f:]+\\\\]|[\\\\da-f:]+)(:[\\\\d]+)?$)" at REQUEST_HEADERS:Host. [file "/usr/local/modsecurity-crs/rules/REQUEST-920-PROTOCOL-ENFORCEMENT.conf"] [line "789"] [id "920350"] [msg "Host header is a numeric IP address"] [data "16.171.148.190"] [severity "WARNING"] [ver "OWASP_CRS/4.6.0-dev"] [tag "application-multi"] [tag "language-multi"] [tag "platform-multi"] [tag "attack-protocol"] [tag "paranoia-level/1"] [tag "OWASP_CRS"] [tag "capec/1000/210/272"] [tag "PCI/6.5.10"] [hostname "16.171.148.190"] [uri "/core/assets/vendor/ckeditor/skins/moono-lisa/editor.css"] [unique_id "Zs8ukWQG58sQpdwvnwh6fAAAAAM"]
[Wed Aug 28 14:05:05.852961 2024] [authz_core:debug] [pid 31:tid 31] mod_authz_core.c(815): [client 104.236.44.95:48580] AH01626: authorization result of Require all granted: granted
[Wed Aug 28 14:05:05.853024 2024] [authz_core:debug] [pid 31:tid 31] mod_authz_core.c(815): [client 104.236.44.95:48580] AH01626: authorization result of <RequireAny>: granted
[Wed Aug 28 14:05:05.853091 2024] [security2:error] [pid 32:tid 32] [client 104.236.44.95:48608] [client 104.236.44.95] ModSecurity: Warning. Pattern match "(?:^([\\\\d.]+|\\\\[[\\\\da-f:]+\\\\]|[\\\\da-f:]+)(:[\\\\d]+)?$)" at REQUEST_HEADERS:Host. [file "/usr/local/modsecurity-crs/rules/REQUEST-920-PROTOCOL-ENFORCEMENT.conf"] [line "789"] [id "920350"] [msg "Host header is a numeric IP address"] [data "16.171.148.190"] [severity "WARNING"] [ver "OWASP_CRS/4.6.0-dev"] [tag "application-multi"] [tag "language-multi"] [tag "platform-multi"] [tag "attack-protocol"] [tag "paranoia-level/1"] [tag "OWASP_CRS"] [tag "capec/1000/210/272"] [tag "PCI/6.5.10"] [hostname "16.171.148.190"] [uri "/core/assets/vendor/ckeditor/skins/moono-lisa/editor_ie.css"] [unique_id "Zs8uka_Ac4CwVKV0UXrX3gAAAAQ"]
[Wed Aug 28 14:05:05.853866 2024] [security2:error] [pid 32:tid 32] [client 104.236.44.95:48608] [client 104.236.44.95] ModSecurity: Warning. Pattern match "(?:^([\\\\d.]+|\\\\[[\\\\da-f:]+\\\\]|[\\\\da-f:]+)(:[\\\\d]+)?$)" at REQUEST_HEADERS:Host. [file "/usr/local/modsecurity-crs/rules/REQUEST-920-PROTOCOL-ENFORCEMENT.conf"] [line "789"] [id "920350"] [msg "Host header is a numeric IP address"] [data "16.171.148.190"] [severity "WARNING"] [ver "OWASP_CRS/4.6.0-dev"] [tag "application-multi"] [tag "language-multi"] [tag "platform-multi"] [tag "attack-protocol"] [tag "paranoia-level/1"] [tag "OWASP_CRS"] [tag "capec/1000/210/272"] [tag "PCI/6.5.10"] [hostname "16.171.148.190"] [uri "/core/assets/vendor/ckeditor/skins/moono-lisa/editor_ie.css"] [unique_id "Zs8uka_Ac4CwVKV0UXrX3gAAAAQ"]
[Wed Aug 28 14:05:05.854467 2024] [authz_core:debug] [pid 32:tid 32] mod_authz_core.c(815): [client 104.236.44.95:48608] AH01626: authorization result of Require all granted: granted
[Wed Aug 28 14:05:05.854489 2024] [authz_core:debug] [pid 32:tid 32] mod_authz_core.c(815): [client 104.236.44.95:48608] AH01626: authorization result of <RequireAny>: granted
[Wed Aug 28 14:05:05.855540 2024] [core:info] [pid 31:tid 31] [client 104.236.44.95:48580] AH00128: File does not exist: /var/www/html/core/assets/vendor/ckeditor/skins/moono-lisa/editor.css
[Wed Aug 28 14:05:05.855937 2024] [security2:error] [pid 31:tid 31] [client 104.236.44.95:48580] [client 104.236.44.95] ModSecurity: Warning. Unconditional match in SecAction. [file "/usr/local/modsecurity-crs/rules/RESPONSE-980-CORRELATION.conf"] [line "98"] [id "980170"] [msg "Anomaly Scores: (Inbound Scores: blocking=3, detection=3, per_pl=3-0-0-0, threshold=5) - (Outbound Scores: blocking=0, detection=0, per_pl=0-0-0-0, threshold=4) - (SQLI=0, XSS=0, RFI=0, LFI=0, RCE=0, PHPI=0, HTTP=0, SESS=0, COMBINED_SCORE=3)"] [ver "OWASP_CRS/4.6.0-dev"] [tag "reporting"] [tag "OWASP_CRS"] [hostname "16.171.148.190"] [uri "/404.html"] [unique_id "Zs8ukWQG58sQpdwvnwh6fAAAAAM"]
[Wed Aug 28 14:05:05.856111 2024] [security2:error] [pid 31:tid 31] [client 104.236.44.95:48580] [client 104.236.44.95] ModSecurity: Warning. Unconditional match in SecAction. [file "/usr/local/modsecurity-crs/rules/RESPONSE-980-CORRELATION.conf"] [line "98"] [id "980170"] [msg "Anomaly Scores: (Inbound Scores: blocking=3, detection=3, per_pl=3-0-0-0, threshold=5) - (Outbound Scores: blocking=0, detection=0, per_pl=0-0-0-0, threshold=4) - (SQLI=0, XSS=0, RFI=0, LFI=0, RCE=0, PHPI=0, HTTP=0, SESS=0, COMBINED_SCORE=3)"] [ver "OWASP_CRS/4.6.0-dev"] [tag "reporting"] [tag "OWASP_CRS"] [hostname "16.171.148.190"] [uri "/404.html"] [unique_id "Zs8ukWQG58sQpdwvnwh6fAAAAAM"]
[Wed Aug 28 14:05:05.857621 2024] [security2:error] [pid 33:tid 33] [client 104.236.44.95:48576] [client 104.236.44.95] ModSecurity: Warning. Pattern match "(?:^([\\\\d.]+|\\\\[[\\\\da-f:]+\\\\]|[\\\\da-f:]+)(:[\\\\d]+)?$)" at REQUEST_HEADERS:Host. [file "/usr/local/modsecurity-crs/rules/REQUEST-920-PROTOCOL-ENFORCEMENT.conf"] [line "789"] [id "920350"] [msg "Host header is a numeric IP address"] [data "16.171.148.190"] [severity "WARNING"] [ver "OWASP_CRS/4.6.0-dev"] [tag "application-multi"] [tag "language-multi"] [tag "platform-multi"] [tag "attack-protocol"] [tag "paranoia-level/1"] [tag "OWASP_CRS"] [tag "capec/1000/210/272"] [tag "PCI/6.5.10"] [hostname "16.171.148.190"] [uri "/core/themes/claro/css/components/dialog.css"] [unique_id "Zs8ukTV7I8GbZ5egSOM9ewAAAAU"]
[Wed Aug 28 14:05:05.858671 2024] [security2:error] [pid 33:tid 33] [client 104.236.44.95:48576] [client 104.236.44.95] ModSecurity: Warning. Pattern match "(?:^([\\\\d.]+|\\\\[[\\\\da-f:]+\\\\]|[\\\\da-f:]+)(:[\\\\d]+)?$)" at REQUEST_HEADERS:Host. [file "/usr/local/modsecurity-crs/rules/REQUEST-920-PROTOCOL-ENFORCEMENT.conf"] [line "789"] [id "920350"] [msg "Host header is a numeric IP address"] [data "16.171.148.190"] [severity "WARNING"] [ver "OWASP_CRS/4.6.0-dev"] [tag "application-multi"] [tag "language-multi"] [tag "platform-multi"] [tag "attack-protocol"] [tag "paranoia-level/1"] [tag "OWASP_CRS"] [tag "capec/1000/210/272"] [tag "PCI/6.5.10"] [hostname "16.171.148.190"] [uri "/core/themes/claro/css/components/dialog.css"] [unique_id "Zs8ukTV7I8GbZ5egSOM9ewAAAAU"]
[Wed Aug 28 14:05:05.859474 2024] [authz_core:debug] [pid 33:tid 33] mod_authz_core.c(815): [client 104.236.44.95:48576] AH01626: authorization result of Require all granted: granted
[Wed Aug 28 14:05:05.859486 2024] [authz_core:debug] [pid 33:tid 33] mod_authz_core.c(815): [client 104.236.44.95:48576] AH01626: authorization result of <RequireAny>: granted
[Wed Aug 28 14:05:05.860827 2024] [core:info] [pid 32:tid 32] [client 104.236.44.95:48608] AH00128: File does not exist: /var/www/html/core/assets/vendor/ckeditor/skins/moono-lisa/editor_ie.css
[Wed Aug 28 14:05:05.861180 2024] [security2:error] [pid 32:tid 32] [client 104.236.44.95:48608] [client 104.236.44.95] ModSecurity: Warning. Unconditional match in SecAction. [file "/usr/local/modsecurity-crs/rules/RESPONSE-980-CORRELATION.conf"] [line "98"] [id "980170"] [msg "Anomaly Scores: (Inbound Scores: blocking=3, detection=3, per_pl=3-0-0-0, threshold=5) - (Outbound Scores: blocking=0, detection=0, per_pl=0-0-0-0, threshold=4) - (SQLI=0, XSS=0, RFI=0, LFI=0, RCE=0, PHPI=0, HTTP=0, SESS=0, COMBINED_SCORE=3)"] [ver "OWASP_CRS/4.6.0-dev"] [tag "reporting"] [tag "OWASP_CRS"] [hostname "16.171.148.190"] [uri "/404.html"] [unique_id "Zs8uka_Ac4CwVKV0UXrX3gAAAAQ"]
[Wed Aug 28 14:05:05.861700 2024] [security2:error] [pid 32:tid 32] [client 104.236.44.95:48608] [client 104.236.44.95] ModSecurity: Warning. Unconditional match in SecAction. [file "/usr/local/modsecurity-crs/rules/RESPONSE-980-CORRELATION.conf"] [line "98"] [id "980170"] [msg "Anomaly Scores: (Inbound Scores: blocking=3, detection=3, per_pl=3-0-0-0, threshold=5) - (Outbound Scores: blocking=0, detection=0, per_pl=0-0-0-0, threshold=4) - (SQLI=0, XSS=0, RFI=0, LFI=0, RCE=0, PHPI=0, HTTP=0, SESS=0, COMBINED_SCORE=3)"] [ver "OWASP_CRS/4.6.0-dev"] [tag "reporting"] [tag "OWASP_CRS"] [hostname "16.171.148.190"] [uri "/404.html"] [unique_id "Zs8uka_Ac4CwVKV0UXrX3gAAAAQ"]
[Wed Aug 28 14:05:05.866779 2024] [security2:error] [pid 28:tid 28] [client 104.236.44.95:48574] [client 104.236.44.95] ModSecurity: Warning. Pattern match "(?:^([\\\\d.]+|\\\\[[\\\\da-f:]+\\\\]|[\\\\da-f:]+)(:[\\\\d]+)?$)" at REQUEST_HEADERS:Host. [file "/usr/local/modsecurity-crs/rules/REQUEST-920-PROTOCOL-ENFORCEMENT.conf"] [line "789"] [id "920350"] [msg "Host header is a numeric IP address"] [data "16.171.148.190"] [severity "WARNING"] [ver "OWASP_CRS/4.6.0-dev"] [tag "application-multi"] [tag "language-multi"] [tag "platform-multi"] [tag "attack-protocol"] [tag "paranoia-level/1"] [tag "OWASP_CRS"] [tag "capec/1000/210/272"] [tag "PCI/6.5.10"] [hostname "16.171.148.190"] [uri "/core/misc/cspell/dictionary.txt"] [unique_id "Zs8ukRWahabti0GTCqG9RQAAAAA"]
[Wed Aug 28 14:05:05.867276 2024] [security2:error] [pid 29:tid 29] [client 104.236.44.95:48572] [client 104.236.44.95] ModSecurity: Warning. Pattern match "(?:^([\\\\d.]+|\\\\[[\\\\da-f:]+\\\\]|[\\\\da-f:]+)(:[\\\\d]+)?$)" at REQUEST_HEADERS:Host. [file "/usr/local/modsecurity-crs/rules/REQUEST-920-PROTOCOL-ENFORCEMENT.conf"] [line "789"] [id "920350"] [msg "Host header is a numeric IP address"] [data "16.171.148.190"] [severity "WARNING"] [ver "OWASP_CRS/4.6.0-dev"] [tag "application-multi"] [tag "language-multi"] [tag "platform-multi"] [tag "attack-protocol"] [tag "paranoia-level/1"] [tag "OWASP_CRS"] [tag "capec/1000/210/272"] [tag "PCI/6.5.10"] [hostname "16.171.148.190"] [uri "/core/MAINTAINERS.txt"] [unique_id "Zs8ukaRv0i-nSNp9hpWFWgAAAAE"]
[Wed Aug 28 14:05:05.867604 2024] [security2:error] [pid 28:tid 28] [client 104.236.44.95:48574] [client 104.236.44.95] ModSecurity: Warning. Pattern match "(?:^([\\\\d.]+|\\\\[[\\\\da-f:]+\\\\]|[\\\\da-f:]+)(:[\\\\d]+)?$)" at REQUEST_HEADERS:Host. [file "/usr/local/modsecurity-crs/rules/REQUEST-920-PROTOCOL-ENFORCEMENT.conf"] [line "789"] [id "920350"] [msg "Host header is a numeric IP address"] [data "16.171.148.190"] [severity "WARNING"] [ver "OWASP_CRS/4.6.0-dev"] [tag "application-multi"] [tag "language-multi"] [tag "platform-multi"] [tag "attack-protocol"] [tag "paranoia-level/1"] [tag "OWASP_CRS"] [tag "capec/1000/210/272"] [tag "PCI/6.5.10"] [hostname "16.171.148.190"] [uri "/core/misc/cspell/dictionary.txt"] [unique_id "Zs8ukRWahabti0GTCqG9RQAAAAA"]
[Wed Aug 28 14:05:05.868842 2024] [authz_core:debug] [pid 28:tid 28] mod_authz_core.c(815): [client 104.236.44.95:48574] AH01626: authorization result of Require all granted: granted
[Wed Aug 28 14:05:05.868856 2024] [authz_core:debug] [pid 28:tid 28] mod_authz_core.c(815): [client 104.236.44.95:48574] AH01626: authorization result of <RequireAny>: granted
[Wed Aug 28 14:05:05.869263 2024] [security2:error] [pid 29:tid 29] [client 104.236.44.95:48572] [client 104.236.44.95] ModSecurity: Warning. Pattern match "(?:^([\\\\d.]+|\\\\[[\\\\da-f:]+\\\\]|[\\\\da-f:]+)(:[\\\\d]+)?$)" at REQUEST_HEADERS:Host. [file "/usr/local/modsecurity-crs/rules/REQUEST-920-PROTOCOL-ENFORCEMENT.conf"] [line "789"] [id "920350"] [msg "Host header is a numeric IP address"] [data "16.171.148.190"] [severity "WARNING"] [ver "OWASP_CRS/4.6.0-dev"] [tag "application-multi"] [tag "language-multi"] [tag "platform-multi"] [tag "attack-protocol"] [tag "paranoia-level/1"] [tag "OWASP_CRS"] [tag "capec/1000/210/272"] [tag "PCI/6.5.10"] [hostname "16.171.148.190"] [uri "/core/MAINTAINERS.txt"] [unique_id "Zs8ukaRv0i-nSNp9hpWFWgAAAAE"]
[Wed Aug 28 14:05:05.870056 2024] [authz_core:debug] [pid 29:tid 29] mod_authz_core.c(815): [client 104.236.44.95:48572] AH01626: authorization result of Require all granted: granted
[Wed Aug 28 14:05:05.870068 2024] [authz_core:debug] [pid 29:tid 29] mod_authz_core.c(815): [client 104.236.44.95:48572] AH01626: authorization result of <RequireAny>: granted
[Wed Aug 28 14:05:05.870764 2024] [core:info] [pid 28:tid 28] [client 104.236.44.95:48574] AH00128: File does not exist: /var/www/html/core/misc/cspell/dictionary.txt
[Wed Aug 28 14:05:05.871080 2024] [security2:error] [pid 28:tid 28] [client 104.236.44.95:48574] [client 104.236.44.95] ModSecurity: Warning. Unconditional match in SecAction. [file "/usr/local/modsecurity-crs/rules/RESPONSE-980-CORRELATION.conf"] [line "98"] [id "980170"] [msg "Anomaly Scores: (Inbound Scores: blocking=3, detection=3, per_pl=3-0-0-0, threshold=5) - (Outbound Scores: blocking=0, detection=0, per_pl=0-0-0-0, threshold=4) - (SQLI=0, XSS=0, RFI=0, LFI=0, RCE=0, PHPI=0, HTTP=0, SESS=0, COMBINED_SCORE=3)"] [ver "OWASP_CRS/4.6.0-dev"] [tag "reporting"] [tag "OWASP_CRS"] [hostname "16.171.148.190"] [uri "/404.html"] [unique_id "Zs8ukRWahabti0GTCqG9RQAAAAA"]
[Wed Aug 28 14:05:05.871265 2024] [security2:error] [pid 28:tid 28] [client 104.236.44.95:48574] [client 104.236.44.95] ModSecurity: Warning. Unconditional match in SecAction. [file "/usr/local/modsecurity-crs/rules/RESPONSE-980-CORRELATION.conf"] [line "98"] [id "980170"] [msg "Anomaly Scores: (Inbound Scores: blocking=3, detection=3, per_pl=3-0-0-0, threshold=5) - (Outbound Scores: blocking=0, detection=0, per_pl=0-0-0-0, threshold=4) - (SQLI=0, XSS=0, RFI=0, LFI=0, RCE=0, PHPI=0, HTTP=0, SESS=0, COMBINED_SCORE=3)"] [ver "OWASP_CRS/4.6.0-dev"] [tag "reporting"] [tag "OWASP_CRS"] [hostname "16.171.148.190"] [uri "/404.html"] [unique_id "Zs8ukRWahabti0GTCqG9RQAAAAA"]
[Wed Aug 28 14:05:05.873162 2024] [core:info] [pid 29:tid 29] [client 104.236.44.95:48572] AH00128: File does not exist: /var/www/html/core/MAINTAINERS.txt
[Wed Aug 28 14:05:05.873162 2024] [security2:error] [pid 30:tid 30] [client 104.236.44.95:48596] [client 104.236.44.95] ModSecurity: Warning. Pattern match "(?:^([\\\\d.]+|\\\\[[\\\\da-f:]+\\\\]|[\\\\da-f:]+)(:[\\\\d]+)?$)" at REQUEST_HEADERS:Host. [file "/usr/local/modsecurity-crs/rules/REQUEST-920-PROTOCOL-ENFORCEMENT.conf"] [line "789"] [id "920350"] [msg "Host header is a numeric IP address"] [data "16.171.148.190"] [severity "WARNING"] [ver "OWASP_CRS/4.6.0-dev"] [tag "application-multi"] [tag "language-multi"] [tag "platform-multi"] [tag "attack-protocol"] [tag "paranoia-level/1"] [tag "OWASP_CRS"] [tag "capec/1000/210/272"] [tag "PCI/6.5.10"] [hostname "16.171.148.190"] [uri "/core/assets/vendor/ckeditor/skins/moono-lisa/editor_gecko.css"] [unique_id "Zs8ukZ45LJoYnbXUYDNcrAAAAAI"]
[Wed Aug 28 14:05:05.873862 2024] [core:info] [pid 33:tid 33] [client 104.236.44.95:48576] AH00128: File does not exist: /var/www/html/core/themes/claro/css/components/dialog.css
[Wed Aug 28 14:05:05.873920 2024] [security2:error] [pid 30:tid 30] [client 104.236.44.95:48596] [client 104.236.44.95] ModSecurity: Warning. Pattern match "(?:^([\\\\d.]+|\\\\[[\\\\da-f:]+\\\\]|[\\\\da-f:]+)(:[\\\\d]+)?$)" at REQUEST_HEADERS:Host. [file "/usr/local/modsecurity-crs/rules/REQUEST-920-PROTOCOL-ENFORCEMENT.conf"] [line "789"] [id "920350"] [msg "Host header is a numeric IP address"] [data "16.171.148.190"] [severity "WARNING"] [ver "OWASP_CRS/4.6.0-dev"] [tag "application-multi"] [tag "language-multi"] [tag "platform-multi"] [tag "attack-protocol"] [tag "paranoia-level/1"] [tag "OWASP_CRS"] [tag "capec/1000/210/272"] [tag "PCI/6.5.10"] [hostname "16.171.148.190"] [uri "/core/assets/vendor/ckeditor/skins/moono-lisa/editor_gecko.css"] [unique_id "Zs8ukZ45LJoYnbXUYDNcrAAAAAI"]
[Wed Aug 28 14:05:05.874230 2024] [security2:error] [pid 33:tid 33] [client 104.236.44.95:48576] [client 104.236.44.95] ModSecurity: Warning. Unconditional match in SecAction. [file "/usr/local/modsecurity-crs/rules/RESPONSE-980-CORRELATION.conf"] [line "98"] [id "980170"] [msg "Anomaly Scores: (Inbound Scores: blocking=3, detection=3, per_pl=3-0-0-0, threshold=5) - (Outbound Scores: blocking=0, detection=0, per_pl=0-0-0-0, threshold=4) - (SQLI=0, XSS=0, RFI=0, LFI=0, RCE=0, PHPI=0, HTTP=0, SESS=0, COMBINED_SCORE=3)"] [ver "OWASP_CRS/4.6.0-dev"] [tag "reporting"] [tag "OWASP_CRS"] [hostname "16.171.148.190"] [uri "/404.html"] [unique_id "Zs8ukTV7I8GbZ5egSOM9ewAAAAU"]
[Wed Aug 28 14:05:05.874401 2024] [security2:error] [pid 33:tid 33] [client 104.236.44.95:48576] [client 104.236.44.95] ModSecurity: Warning. Unconditional match in SecAction. [file "/usr/local/modsecurity-crs/rules/RESPONSE-980-CORRELATION.conf"] [line "98"] [id "980170"] [msg "Anomaly Scores: (Inbound Scores: blocking=3, detection=3, per_pl=3-0-0-0, threshold=5) - (Outbound Scores: blocking=0, detection=0, per_pl=0-0-0-0, threshold=4) - (SQLI=0, XSS=0, RFI=0, LFI=0, RCE=0, PHPI=0, HTTP=0, SESS=0, COMBINED_SCORE=3)"] [ver "OWASP_CRS/4.6.0-dev"] [tag "reporting"] [tag "OWASP_CRS"] [hostname "16.171.148.190"] [uri "/404.html"] [unique_id "Zs8ukTV7I8GbZ5egSOM9ewAAAAU"]
[Wed Aug 28 14:05:05.874408 2024] [authz_core:debug] [pid 30:tid 30] mod_authz_core.c(815): [client 104.236.44.95:48596] AH01626: authorization result of Require all granted: granted
[Wed Aug 28 14:05:05.874417 2024] [authz_core:debug] [pid 30:tid 30] mod_authz_core.c(815): [client 104.236.44.95:48596] AH01626: authorization result of <RequireAny>: granted
[Wed Aug 28 14:05:05.874921 2024] [security2:error] [pid 29:tid 29] [client 104.236.44.95:48572] [client 104.236.44.95] ModSecurity: Warning. Unconditional match in SecAction. [file "/usr/local/modsecurity-crs/rules/RESPONSE-980-CORRELATION.conf"] [line "98"] [id "980170"] [msg "Anomaly Scores: (Inbound Scores: blocking=3, detection=3, per_pl=3-0-0-0, threshold=5) - (Outbound Scores: blocking=0, detection=0, per_pl=0-0-0-0, threshold=4) - (SQLI=0, XSS=0, RFI=0, LFI=0, RCE=0, PHPI=0, HTTP=0, SESS=0, COMBINED_SCORE=3)"] [ver "OWASP_CRS/4.6.0-dev"] [tag "reporting"] [tag "OWASP_CRS"] [hostname "16.171.148.190"] [uri "/404.html"] [unique_id "Zs8ukaRv0i-nSNp9hpWFWgAAAAE"]
[Wed Aug 28 14:05:05.875094 2024] [security2:error] [pid 29:tid 29] [client 104.236.44.95:48572] [client 104.236.44.95] ModSecurity: Warning. Unconditional match in SecAction. [file "/usr/local/modsecurity-crs/rules/RESPONSE-980-CORRELATION.conf"] [line "98"] [id "980170"] [msg "Anomaly Scores: (Inbound Scores: blocking=3, detection=3, per_pl=3-0-0-0, threshold=5) - (Outbound Scores: blocking=0, detection=0, per_pl=0-0-0-0, threshold=4) - (SQLI=0, XSS=0, RFI=0, LFI=0, RCE=0, PHPI=0, HTTP=0, SESS=0, COMBINED_SCORE=3)"] [ver "OWASP_CRS/4.6.0-dev"] [tag "reporting"] [tag "OWASP_CRS"] [hostname "16.171.148.190"] [uri "/404.html"] [unique_id "Zs8ukaRv0i-nSNp9hpWFWgAAAAE"]
[Wed Aug 28 14:05:05.878454 2024] [core:info] [pid 30:tid 30] [client 104.236.44.95:48596] AH00128: File does not exist: /var/www/html/core/assets/vendor/ckeditor/skins/moono-lisa/editor_gecko.css
[Wed Aug 28 14:05:05.878709 2024] [security2:error] [pid 30:tid 30] [client 104.236.44.95:48596] [client 104.236.44.95] ModSecurity: Warning. Unconditional match in SecAction. [file "/usr/local/modsecurity-crs/rules/RESPONSE-980-CORRELATION.conf"] [line "98"] [id "980170"] [msg "Anomaly Scores: (Inbound Scores: blocking=3, detection=3, per_pl=3-0-0-0, threshold=5) - (Outbound Scores: blocking=0, detection=0, per_pl=0-0-0-0, threshold=4) - (SQLI=0, XSS=0, RFI=0, LFI=0, RCE=0, PHPI=0, HTTP=0, SESS=0, COMBINED_SCORE=3)"] [ver "OWASP_CRS/4.6.0-dev"] [tag "reporting"] [tag "OWASP_CRS"] [hostname "16.171.148.190"] [uri "/404.html"] [unique_id "Zs8ukZ45LJoYnbXUYDNcrAAAAAI"]
[Wed Aug 28 14:05:05.878925 2024] [security2:error] [pid 30:tid 30] [client 104.236.44.95:48596] [client 104.236.44.95] ModSecurity: Warning. Unconditional match in SecAction. [file "/usr/local/modsecurity-crs/rules/RESPONSE-980-CORRELATION.conf"] [line "98"] [id "980170"] [msg "Anomaly Scores: (Inbound Scores: blocking=3, detection=3, per_pl=3-0-0-0, threshold=5) - (Outbound Scores: blocking=0, detection=0, per_pl=0-0-0-0, threshold=4) - (SQLI=0, XSS=0, RFI=0, LFI=0, RCE=0, PHPI=0, HTTP=0, SESS=0, COMBINED_SCORE=3)"] [ver "OWASP_CRS/4.6.0-dev"] [tag "reporting"] [tag "OWASP_CRS"] [hostname "16.171.148.190"] [uri "/404.html"] [unique_id "Zs8ukZ45LJoYnbXUYDNcrAAAAAI"]
